No errors were found on the image.
Image end offset: 4296152064
.
----------------------------------------------------------------------
Ran 1 tests

OK
