QA output created by 060

=== Testing L2 reference into L1 ===

Formatting 'TEST_DIR/t.IMGFMT', fmt=IMGFMT size=67108864 
ERROR cluster 3 refcount=1 reference=3

1 errors were found on the image.
Data may be corrupted, or further writes to the image may corrupt it.
incompatible_features     0x0
qcow2: Image is corrupt (further access will be prevented): Preventing invalid write on metadata (overlaps with active L1 table); please use qemu-img check -r. Further corruption events will be suppressed
write failed: Input/output error
incompatible_features     0x0
read 512/512 bytes at offset 0
512 bytes, X ops; XX:XX:XX.X (XXX YYY/sec and XXX ops/sec)
read 512/512 bytes at offset 0
512 bytes, X ops; XX:XX:XX.X (XXX YYY/sec and XXX ops/sec)

=== Testing cluster data reference into refcount block ===

Formatting 'TEST_DIR/t.IMGFMT', fmt=IMGFMT size=67108864 
ERROR refcount block 0 refcount=2
ERROR cluster 2 refcount=1 reference=2

2 errors were found on the image.
Data may be corrupted, or further writes to the image may corrupt it.
incompatible_features     0x0
qcow2: Image is corrupt (further access will be prevented): Preventing invalid write on metadata (overlaps with refcount block); please use qemu-img check -r. Further corruption events will be suppressed
write failed: Input/output error
incompatible_features     0x0
Repairing refcount block 0 refcount=2
The following inconsistencies were found and repaired:

    0 leaked clusters
    1 corruptions

Double checking the fixed image now...
No errors were found on the image.
incompatible_features     0x0
wrote 512/512 bytes at offset 0
512 bytes, X ops; XX:XX:XX.X (XXX YYY/sec and XXX ops/sec)
incompatible_features     0x0

=== Testing unallocated image header ===

Formatting 'TEST_DIR/t.IMGFMT', fmt=IMGFMT size=67108864 
wrote 65536/65536 bytes at offset 0
64 KiB, X ops; XX:XX:XX.X (XXX YYY/sec and XXX ops/sec)
qcow2: Image is corrupt (further access will be prevented): Preventing invalid write on metadata (overlaps with qcow2_header); please use qemu-img check -r. Further corruption events will be suppressed
write failed: Input/output error
*** done
