QA output created by 067
Formatting 'TEST_DIR/t.IMGFMT', fmt=IMGFMT size=134217728 

=== -drive/-device and device_del ===

Testing: -drive file=TEST_DIR/t.qcow2,format=qcow2,if=none,id=disk -device virtio-blk-pci,drive=disk,id=virtio0
QMP_VERSION
{"return": {}}
{"return": [{"io-status": "ok", "device": "disk", "locked": false, "removable": false, "inserted": {"iops_rd": 0, "iops_wr": 0, "ro": false, "drv": "qcow2", "iops": 0, "bps_wr": 0, "encrypted": false, "bps": 0, "bps_rd": 0, "file": "TEST_DIR/t.qcow2"}, "type": "unknown"}, {"io-status": "ok", "device": "ide1-cd0", "locked": false, "removable": true, "tray-open": false, "type": "unknown"}, {"device": "floppy0", "locked": false, "removable": true, "tray-open": false, "type": "unknown"}, {"device": "sd0", "locked": false, "removable": true, "tray-open": false, "type": "unknown"}]}
{"return": {}}
{"return": {}}
{"timestamp": {"seconds":  TIMESTAMP, "microseconds":  TIMESTAMP}, "event": "DEVICE_DELETED", "data": {"device": "virtio0"}}
{"timestamp": {"seconds":  TIMESTAMP, "microseconds":  TIMESTAMP}, "event": "RESET"}
{"return": [{"io-status": "ok", "device": "ide1-cd0", "locked": false, "removable": true, "tray-open": false, "type": "unknown"}, {"device": "floppy0", "locked": false, "removable": true, "tray-open": false, "type": "unknown"}, {"device": "sd0", "locked": false, "removable": true, "tray-open": false, "type": "unknown"}]}
{"return": {}}
{"timestamp": {"seconds":  TIMESTAMP, "microseconds":  TIMESTAMP}, "event": "SHUTDOWN"}


=== -drive/device_add and device_del ===

Testing: -drive file=TEST_DIR/t.qcow2,format=qcow2,if=none,id=disk
QMP_VERSION
{"return": {}}
{"return": [{"device": "disk", "locked": false, "removable": true, "inserted": {"iops_rd": 0, "iops_wr": 0, "ro": false, "drv": "qcow2", "iops": 0, "bps_wr": 0, "encrypted": false, "bps": 0, "bps_rd": 0, "file": "TEST_DIR/t.qcow2"}, "tray-open": false, "type": "unknown"}, {"io-status": "ok", "device": "ide1-cd0", "locked": false, "removable": true, "tray-open": false, "type": "unknown"}, {"device": "floppy0", "locked": false, "removable": true, "tray-open": false, "type": "unknown"}, {"device": "sd0", "locked": false, "removable": true, "tray-open": false, "type": "unknown"}]}
{"return": {}}
{"return": {}}
{"return": {}}
{"timestamp": {"seconds":  TIMESTAMP, "microseconds":  TIMESTAMP}, "event": "DEVICE_DELETED", "data": {"device": "virtio0"}}
{"timestamp": {"seconds":  TIMESTAMP, "microseconds":  TIMESTAMP}, "event": "RESET"}
{"return": [{"io-status": "ok", "device": "ide1-cd0", "locked": false, "removable": true, "tray-open": false, "type": "unknown"}, {"device": "floppy0", "locked": false, "removable": true, "tray-open": false, "type": "unknown"}, {"device": "sd0", "locked": false, "removable": true, "tray-open": false, "type": "unknown"}]}
{"return": {}}
{"timestamp": {"seconds":  TIMESTAMP, "microseconds":  TIMESTAMP}, "event": "SHUTDOWN"}


=== __com.redhat_drive_add/device_add and device_del ===

Testing:
QMP_VERSION
{"return": {}}
{"return": {}}
{"return": [{"io-status": "ok", "device": "ide1-cd0", "locked": false, "removable": true, "tray-open": false, "type": "unknown"}, {"device": "floppy0", "locked": false, "removable": true, "tray-open": false, "type": "unknown"}, {"device": "sd0", "locked": false, "removable": true, "tray-open": false, "type": "unknown"}, {"device": "disk", "locked": false, "removable": true, "inserted": {"iops_rd": 0, "iops_wr": 0, "ro": false, "drv": "qcow2", "iops": 0, "bps_wr": 0, "encrypted": false, "bps": 0, "bps_rd": 0, "file": "TEST_DIR/t.qcow2"}, "tray-open": false, "type": "unknown"}]}
{"return": {}}
{"return": {}}
{"return": {}}
{"timestamp": {"seconds":  TIMESTAMP, "microseconds":  TIMESTAMP}, "event": "DEVICE_DELETED", "data": {"device": "virtio0"}}
{"timestamp": {"seconds":  TIMESTAMP, "microseconds":  TIMESTAMP}, "event": "RESET"}
{"return": [{"io-status": "ok", "device": "ide1-cd0", "locked": false, "removable": true, "tray-open": false, "type": "unknown"}, {"device": "floppy0", "locked": false, "removable": true, "tray-open": false, "type": "unknown"}, {"device": "sd0", "locked": false, "removable": true, "tray-open": false, "type": "unknown"}]}
{"return": {}}
{"timestamp": {"seconds":  TIMESTAMP, "microseconds":  TIMESTAMP}, "event": "SHUTDOWN"}

*** done
