QA output created by 080

== Huge unknown header extension ==
Formatting 'TEST_DIR/t.IMGFMT', fmt=IMGFMT size=67108864 
Invalid backing file offset
qemu-io: can't open device TEST_DIR/t.qcow2
no file open, try 'help open'
Header extension too large
qemu-io: can't open device TEST_DIR/t.qcow2
no file open, try 'help open'

== Huge refcount table size ==
Formatting 'TEST_DIR/t.IMGFMT', fmt=IMGFMT size=67108864 
Reference count table too large
qemu-io: can't open device TEST_DIR/t.qcow2
no file open, try 'help open'
Reference count table too large
qemu-io: can't open device TEST_DIR/t.qcow2
no file open, try 'help open'

== Misaligned refcount table ==
Formatting 'TEST_DIR/t.IMGFMT', fmt=IMGFMT size=67108864 
Invalid reference count table offset
qemu-io: can't open device TEST_DIR/t.qcow2
no file open, try 'help open'

== Huge refcount offset ==
Formatting 'TEST_DIR/t.IMGFMT', fmt=IMGFMT size=67108864 
Invalid reference count table offset
qemu-io: can't open device TEST_DIR/t.qcow2
no file open, try 'help open'

== Invalid snapshot table ==
Formatting 'TEST_DIR/t.IMGFMT', fmt=IMGFMT size=67108864 
Too many snapshots
qemu-io: can't open device TEST_DIR/t.qcow2
no file open, try 'help open'
Too many snapshots
qemu-io: can't open device TEST_DIR/t.qcow2
no file open, try 'help open'
Invalid snapshot table offset
qemu-io: can't open device TEST_DIR/t.qcow2
no file open, try 'help open'
Invalid snapshot table offset
qemu-io: can't open device TEST_DIR/t.qcow2
no file open, try 'help open'

== Hitting snapshot table size limit ==
Formatting 'TEST_DIR/t.IMGFMT', fmt=IMGFMT size=67108864 
Could not create snapshot 'test': -27 (File too large)
read 512/512 bytes at offset 0
512 bytes, X ops; XX:XX:XX.X (XXX YYY/sec and XXX ops/sec)

== Invalid L1 table ==
Formatting 'TEST_DIR/t.IMGFMT', fmt=IMGFMT size=67108864 
Active L1 table too large
qemu-io: can't open device TEST_DIR/t.qcow2
no file open, try 'help open'
Active L1 table too large
qemu-io: can't open device TEST_DIR/t.qcow2
no file open, try 'help open'
Invalid L1 table offset
qemu-io: can't open device TEST_DIR/t.qcow2
no file open, try 'help open'
Invalid L1 table offset
qemu-io: can't open device TEST_DIR/t.qcow2
no file open, try 'help open'

== Invalid L1 table (with internal snapshot in the image) ==
Formatting 'TEST_DIR/t.IMGFMT', fmt=IMGFMT size=67108864 
Could not open 'TEST_DIR/t.IMGFMT': Invalid argument

== Invalid backing file size ==
Formatting 'TEST_DIR/t.IMGFMT', fmt=IMGFMT size=67108864 
Backing file name too long
qemu-io: can't open device TEST_DIR/t.qcow2
no file open, try 'help open'

== Invalid L2 entry (huge physical offset) ==
Formatting 'TEST_DIR/t.IMGFMT', fmt=IMGFMT size=67108864 
wrote 512/512 bytes at offset 0
512 bytes, X ops; XX:XX:XX.X (XXX YYY/sec and XXX ops/sec)
Could not create snapshot 'test': -27 (File too large)
Could not create snapshot 'test': -11 (Resource temporarily unavailable)
*** done
