QA output created by 084

=== Testing image size bounds ===

Formatting 'TEST_DIR/t.IMGFMT', fmt=IMGFMT size=67108864 
Test 1: Maximum size (1024 TB):
Could not open 'TEST_DIR/t.IMGFMT': Operation not permitted

Test 2: Size too large (1024TB + 1)
Could not open 'TEST_DIR/t.IMGFMT': Operation not permitted

Test 3: Size valid (64M), but Blocks In Image too small (63)
Could not open 'TEST_DIR/t.IMGFMT': Operation not permitted

Test 4: Size valid (64M), but Blocks In Image exceeds max allowed
Could not open 'TEST_DIR/t.IMGFMT': Operation not permitted

Test 5: Valid Image: 64MB, Blocks In Image 64, Block Size 1MB
image: TEST_DIR/t.IMGFMT
file format: IMGFMT
virtual size: 64M (67108864 bytes)
cluster_size: 1048576

Test 6: Block Size != 1MB; too small test (1MB - 1)
Could not open 'TEST_DIR/t.IMGFMT': Operation not permitted

Test 7: Block Size != 1MB; too large test (1MB + 64KB)
Could not open 'TEST_DIR/t.IMGFMT': Operation not permitted

*** done
