QA output created by 088

== Invalid block size ==
Formatting 'TEST_DIR/t.IMGFMT', fmt=IMGFMT size=67108864 
Invalid block size
qemu-io: can't open device TEST_DIR/t.vpc
no file open, try 'help open'
Invalid block size
qemu-io: can't open device TEST_DIR/t.vpc
no file open, try 'help open'
Invalid block size
qemu-io: can't open device TEST_DIR/t.vpc
no file open, try 'help open'
Invalid block size
qemu-io: can't open device TEST_DIR/t.vpc
no file open, try 'help open'
Invalid block size
qemu-io: can't open device TEST_DIR/t.vpc
no file open, try 'help open'
Invalid block size
qemu-io: can't open device TEST_DIR/t.vpc
no file open, try 'help open'
*** done
